
═══════════════════════════════════════════════════════════════════
[2026-06-01T16:00:00Z] dump_spot v2 — 2h checkpoint
Window: since 2026-06-01T14:00
═══════════════════════════════════════════════════════════════════

--- ACTIVE STRATEGY ---
  active: dump_spot

--- OPEN POSITIONS ---
  (none)

--- DEPLOYS IN WINDOW ---
🚀 **DEPLOYED**
🚀 **DEPLOYED**

--- CLOSES IN WINDOW ---

--- DISCORD SIGNAL ACTIVITY ---
[2026-06-01T14:40:08.476Z] [SCREENING] Discord signal fetch failed: discord signal candidates 504
[2026-06-01T14:55:09.169Z] [SCREENING] Discord signal fetch failed: discord signal candidates 504
[2026-06-01T15:10:08.230Z] [SCREENING] Discord signal fetch failed: discord signal candidates 504
[2026-06-01T15:20:10.939Z] [SCREENING] Discord signal fetch failed: discord signal candidates 504
[2026-06-01T15:25:10.526Z] [SCREENING] Discord signal fetch failed: discord signal candidates 504
[2026-06-01T15:30:37.633Z] [SCREENING] Discord signal fetch failed: discord signal candidates 504
[2026-06-01T15:42:29.959Z] [SCREENING] Discord signal fetch failed: discord signal candidates 502
[2026-06-01T15:46:48.523Z] [SCREENING] Discord signal fetch failed: discord signal candidates 504

--- NO-DEPLOY REASONS (sample) ---

--- SCREENING CYCLES ---
  cycles fired: 41
[checkpoint sent: 16:00:00Z]

═══════════════════════════════════════════════════════════════════
[2026-06-02T16:00:00Z] dump_spot v2 — 2h checkpoint
Window: since 2026-06-02T14:00
═══════════════════════════════════════════════════════════════════

--- ACTIVE STRATEGY ---
  active: dump_spot

--- OPEN POSITIONS ---
  (none)

--- DEPLOYS IN WINDOW ---
🚀 **DEPLOYED**
🚀 **DEPLOYED**
🚀 **DEPLOYED**
🚀 **DEPLOYED**
🚀 **DEPLOYED**

--- CLOSES IN WINDOW ---
[2026-06-02T14:11:57.871Z] [CLOSE] Closed PnL from API: pnl=-3.73 USD (-2.37%), withdrawn=148.88 USD, deposited=157.70 USD

--- DISCORD SIGNAL ACTIVITY ---

--- NO-DEPLOY REASONS (sample) ---

--- SCREENING CYCLES ---
  cycles fired: 36
[checkpoint sent: 16:00:00Z]
