<stdin>:58: DeprecationWarning: datetime.datetime.utcnow() is deprecated and scheduled for removal in a future version. Use timezone-aware objects to represent datetimes in UTC: datetime.datetime.now(datetime.UTC).
═══════════════════════════════════════════════════════════════════
[2026-06-11T16:39:00Z] PERFORMANCE CHECKPOINT — 48h
  window: since 2026-06-09T16:39
  strategy: dump_spot
═══════════════════════════════════════════════════════════════════

--- CLOSES ---
  total:   19  (wins 10, losses 9)  WR=52.6%
  net:     $-7.79
  best:    $+1.32 (+2.53%)
  worst:   $-7.22 (-14.03%)

--- EXIT REASON BREAKDOWN ---
  LOW_YIELD: 7
  TRAILING_TP: 7
  STOP_LOSS: 4
  TP: 1

--- CURRENT STATE ---
  open positions: 0

--- CONFIG SNAPSHOT ---
  strategy: spot
  category: trending
  takeProfitPct: 5
  stopLossPct: -4
  trailingDropPct: 1
  feeActiveTvlBands: [[0.2, 1], [3, None]]
  minVolume: 5000
  minTvl: 10000
  maxTvl: 150000
  minMcap: 100000
  deployAmountSol: 0.8
[done: 16:39:01Z]
